// Jest Snapshot v1, https://goo.gl/fbAQLP

exports[`ProjectCard should match the snapshot 1`] = `
<section
  className="project-card"
>
  <PaletteCard
    color_1_id="#eeeeee"
    color_2_id="#eeeeee"
    color_3_id="#eeeeee"
    color_4_id="#eeeeee"
    color_5_id="#eeeeee"
    id={1}
    key="0"
    project_id={1}
    projects={
      Array [
        Object {
          "id": 1,
          "title": "Kitchen",
        },
      ]
    }
    title="counter"
    updateProjects={[MockFunction]}
  />
</section>
`;
